build-crossplatform	Build Crossplatform	ï»¿2025-09-26T10:16:06.0165295Z ##[group]Run dotnet publish Bruteforce/Bruteforce.csproj \
build-crossplatform	Build Crossplatform	2025-09-26T10:16:06.0165794Z [36;1mdotnet publish Bruteforce/Bruteforce.csproj \[0m
build-crossplatform	Build Crossplatform	2025-09-26T10:16:06.0166120Z [36;1m  -c Release \[0m
build-crossplatform	Build Crossplatform	2025-09-26T10:16:06.0166436Z [36;1m  -o publish/crossplatform/publish \[0m
build-crossplatform	Build Crossplatform	2025-09-26T10:16:06.0166855Z [36;1m  --self-contained false \[0m
build-crossplatform	Build Crossplatform	2025-09-26T10:16:06.0167347Z [36;1m  -p:PublishSingleFile=false \[0m
build-crossplatform	Build Crossplatform	2025-09-26T10:16:06.0167642Z [36;1m  -p:CI=true[0m
build-crossplatform	Build Crossplatform	2025-09-26T10:16:06.0203651Z shell: /usr/bin/bash -e {0}
build-crossplatform	Build Crossplatform	2025-09-26T10:16:06.0203914Z env:
build-crossplatform	Build Crossplatform	2025-09-26T10:16:06.0204160Z   DOTNET_ROOT: /usr/share/dotnet
build-crossplatform	Build Crossplatform	2025-09-26T10:16:06.0204411Z ##[endgroup]
build-crossplatform	Build Crossplatform	2025-09-26T10:16:11.9084971Z   Determining projects to restore...
build-crossplatform	Build Crossplatform	2025-09-26T10:16:13.2369685Z   Restored /home/runner/work/BitrotBruteforce/BitrotBruteforce/Bruteforce/Bruteforce.csproj (in 725 ms).
build-crossplatform	Build Crossplatform	2025-09-26T10:16:18.8055216Z ##[warning]/home/runner/work/BitrotBruteforce/BitrotBruteforce/Bruteforce/TorrentWrapper/BEncoding/BEncodedList.cs(200,26): warning CS8765: Nullability of type of parameter 'obj' doesn't match overridden member (possibly because of nullability attributes). [/home/runner/work/BitrotBruteforce/BitrotBruteforce/Bruteforce/Bruteforce.csproj]
build-crossplatform	Build Crossplatform	2025-09-26T10:16:18.8066030Z ##[warning]/home/runner/work/BitrotBruteforce/BitrotBruteforce/Bruteforce/TorrentWrapper/BEncoding/BEncodedNumber.cs(171,26): warning CS8765: Nullability of type of parameter 'obj' doesn't match overridden member (possibly because of nullability attributes). [/home/runner/work/BitrotBruteforce/BitrotBruteforce/Bruteforce/Bruteforce.csproj]
build-crossplatform	Build Crossplatform	2025-09-26T10:16:18.8071088Z ##[warning]/home/runner/work/BitrotBruteforce/BitrotBruteforce/Bruteforce/TorrentWrapper/BEncoding/BEncodedNumber.cs(55,16): warning CS8767: Nullability of reference types in type of parameter 'other' of 'int BEncodedNumber.CompareTo(BEncodedNumber other)' doesn't match implicitly implemented member 'int IComparable<BEncodedNumber>.CompareTo(BEncodedNumber? other)' (possibly because of nullability attributes). [/home/runner/work/BitrotBruteforce/BitrotBruteforce/Bruteforce/Bruteforce.csproj]
build-crossplatform	Build Crossplatform	2025-09-26T10:16:18.8075006Z ##[warning]/home/runner/work/BitrotBruteforce/BitrotBruteforce/Bruteforce/TorrentWrapper/BEncoding/BEncodedString.cs(215,26): warning CS8765: Nullability of type of parameter 'obj' doesn't match overridden member (possibly because of nullability attributes). [/home/runner/work/BitrotBruteforce/BitrotBruteforce/Bruteforce/Bruteforce.csproj]
build-crossplatform	Build Crossplatform	2025-09-26T10:16:18.8079765Z ##[warning]/home/runner/work/BitrotBruteforce/BitrotBruteforce/Bruteforce/TorrentWrapper/BEncoding/BEncodedString.cs(90,16): warning CS8767: Nullability of reference types in type of parameter 'other' of 'int BEncodedString.CompareTo(BEncodedString other)' doesn't match implicitly implemented member 'int IComparable<BEncodedString>.CompareTo(BEncodedString? other)' (possibly because of nullability attributes). [/home/runner/work/BitrotBruteforce/BitrotBruteforce/Bruteforce/Bruteforce.csproj]
build-crossplatform	Build Crossplatform	2025-09-26T10:16:18.8083273Z ##[warning]/home/runner/work/BitrotBruteforce/BitrotBruteforce/Bruteforce/TorrentWrapper/TorrentInfo.cs(168,26): warning CS8600: Converting null literal or possible null value to non-nullable type. [/home/runner/work/BitrotBruteforce/BitrotBruteforce/Bruteforce/Bruteforce.csproj]
build-crossplatform	Build Crossplatform	2025-09-26T10:16:18.8085981Z ##[warning]/home/runner/work/BitrotBruteforce/BitrotBruteforce/Bruteforce/TorrentWrapper/TorrentInfo.cs(169,28): warning CS8600: Converting null literal or possible null value to non-nullable type. [/home/runner/work/BitrotBruteforce/BitrotBruteforce/Bruteforce/Bruteforce.csproj]
build-crossplatform	Build Crossplatform	2025-09-26T10:16:18.8088832Z ##[warning]/home/runner/work/BitrotBruteforce/BitrotBruteforce/Bruteforce/TorrentWrapper/TorrentInfo.cs(191,23): warning CS8625: Cannot convert null literal to non-nullable reference type. [/home/runner/work/BitrotBruteforce/BitrotBruteforce/Bruteforce/Bruteforce.csproj]
build-crossplatform	Build Crossplatform	2025-09-26T10:16:18.8091629Z ##[warning]/home/runner/work/BitrotBruteforce/BitrotBruteforce/Bruteforce/TorrentWrapper/TorrentInfo.cs(204,23): warning CS8600: Converting null literal or possible null value to non-nullable type. [/home/runner/work/BitrotBruteforce/BitrotBruteforce/Bruteforce/Bruteforce.csproj]
build-crossplatform	Build Crossplatform	2025-09-26T10:16:18.8094562Z ##[warning]/home/runner/work/BitrotBruteforce/BitrotBruteforce/Bruteforce/TorrentWrapper/TorrentInfo.cs(206,17): warning CS8602: Dereference of a possibly null reference. [/home/runner/work/BitrotBruteforce/BitrotBruteforce/Bruteforce/Bruteforce.csproj]
build-crossplatform	Build Crossplatform	2025-09-26T10:16:18.8097497Z ##[warning]/home/runner/work/BitrotBruteforce/BitrotBruteforce/Bruteforce/TorrentWrapper/TorrentInfo.cs(209,24): warning CS8600: Converting null literal or possible null value to non-nullable type. [/home/runner/work/BitrotBruteforce/BitrotBruteforce/Bruteforce/Bruteforce.csproj]
build-crossplatform	Build Crossplatform	2025-09-26T10:16:18.8100368Z ##[warning]/home/runner/work/BitrotBruteforce/BitrotBruteforce/Bruteforce/TorrentWrapper/TorrentInfo.cs(212,21): warning CS8602: Dereference of a possibly null reference. [/home/runner/work/BitrotBruteforce/BitrotBruteforce/Bruteforce/Bruteforce.csproj]
build-crossplatform	Build Crossplatform	2025-09-26T10:16:18.8103037Z ##[warning]/home/runner/work/BitrotBruteforce/BitrotBruteforce/Bruteforce/TorrentWrapper/TorrentInfo.cs(259,36): warning CS8600: Converting null literal or possible null value to non-nullable type. [/home/runner/work/BitrotBruteforce/BitrotBruteforce/Bruteforce/Bruteforce.csproj]
build-crossplatform	Build Crossplatform	2025-09-26T10:16:18.8106362Z ##[warning]/home/runner/work/BitrotBruteforce/BitrotBruteforce/Bruteforce/TorrentWrapper/TorrentInfo.cs(261,61): warning CS8604: Possible null reference argument for parameter 'md5Hash' in 'TorrentFileInfo.TorrentFileInfo(string filePath, string md5Hash, long length)'. [/home/runner/work/BitrotBruteforce/BitrotBruteforce/Bruteforce/Bruteforce.csproj]
build-crossplatform	Build Crossplatform	2025-09-26T10:16:18.8109664Z ##[warning]/home/runner/work/BitrotBruteforce/BitrotBruteforce/Bruteforce/TorrentWrapper/TorrentInfo.cs(286,44): warning CS8600: Converting null literal or possible null value to non-nullable type. [/home/runner/work/BitrotBruteforce/BitrotBruteforce/Bruteforce/Bruteforce.csproj]
build-crossplatform	Build Crossplatform	2025-09-26T10:16:18.8112954Z ##[warning]/home/runner/work/BitrotBruteforce/BitrotBruteforce/Bruteforce/TorrentWrapper/TorrentInfo.cs(288,69): warning CS8604: Possible null reference argument for parameter 'md5Hash' in 'TorrentFileInfo.TorrentFileInfo(string filePath, string md5Hash, long length)'. [/home/runner/work/BitrotBruteforce/BitrotBruteforce/Bruteforce/Bruteforce.csproj]
build-crossplatform	Build Crossplatform	2025-09-26T10:16:18.8115937Z ##[warning]/home/runner/work/BitrotBruteforce/BitrotBruteforce/Bruteforce/TorrentWrapper/TorrentInfo.cs(311,101): warning CS8600: Converting null literal or possible null value to non-nullable type. [/home/runner/work/BitrotBruteforce/BitrotBruteforce/Bruteforce/Bruteforce.csproj]
build-crossplatform	Build Crossplatform	2025-09-26T10:16:18.8118914Z ##[warning]/home/runner/work/BitrotBruteforce/BitrotBruteforce/Bruteforce/TorrentWrapper/TorrentInfo.cs(322,102): warning CS8600: Converting null literal or possible null value to non-nullable type. [/home/runner/work/BitrotBruteforce/BitrotBruteforce/Bruteforce/Bruteforce.csproj]
build-crossplatform	Build Crossplatform	2025-09-26T10:16:18.8123397Z ##[warning]/home/runner/work/BitrotBruteforce/BitrotBruteforce/Bruteforce/TorrentWrapper/TorrentInfo.cs(356,17): warning CS8604: Possible null reference argument for parameter 'comment' in 'TorrentInfo.TorrentInfo(string infoHash, long pieceLength, string[] piecesHashValues, bool isPrivate, IEnumerable<Uri> announceList, DateTime? creationDate, string comment, string createdBy, Encoding encoding, TorrentFileInfo[] files)'. [/home/runner/work/BitrotBruteforce/BitrotBruteforce/Bruteforce/Bruteforce.csproj]
build-crossplatform	Build Crossplatform	2025-09-26T10:16:18.8128684Z ##[warning]/home/runner/work/BitrotBruteforce/BitrotBruteforce/Bruteforce/TorrentWrapper/TorrentInfo.cs(357,17): warning CS8604: Possible null reference argument for parameter 'createdBy' in 'TorrentInfo.TorrentInfo(string infoHash, long pieceLength, string[] piecesHashValues, bool isPrivate, IEnumerable<Uri> announceList, DateTime? creationDate, string comment, string createdBy, Encoding encoding, TorrentFileInfo[] files)'. [/home/runner/work/BitrotBruteforce/BitrotBruteforce/Bruteforce/Bruteforce.csproj]
build-crossplatform	Build Crossplatform	2025-09-26T10:16:18.8132804Z ##[warning]/home/runner/work/BitrotBruteforce/BitrotBruteforce/Bruteforce/TorrentWrapper/PersistenceManager.cs(364,39): warning CS8604: Possible null reference argument for parameter 'path' in 'DirectoryInfo Directory.CreateDirectory(string path)'. [/home/runner/work/BitrotBruteforce/BitrotBruteforce/Bruteforce/Bruteforce.csproj]
build-crossplatform	Build Crossplatform	2025-09-26T10:16:18.8135974Z ##[warning]/home/runner/work/BitrotBruteforce/BitrotBruteforce/Bruteforce/TorrentWrapper/BEncoding/BEncodedValue.cs(17,31): warning CS8600: Converting null literal or possible null value to non-nullable type. [/home/runner/work/BitrotBruteforce/BitrotBruteforce/Bruteforce/Bruteforce.csproj]
build-crossplatform	Build Crossplatform	2025-09-26T10:16:18.8138955Z ##[warning]/home/runner/work/BitrotBruteforce/BitrotBruteforce/Bruteforce/TorrentWrapper/BEncoding/BEncodedValue.cs(40,31): warning CS8600: Converting null literal or possible null value to non-nullable type. [/home/runner/work/BitrotBruteforce/BitrotBruteforce/Bruteforce/Bruteforce.csproj]
build-crossplatform	Build Crossplatform	2025-09-26T10:16:18.8142209Z ##[warning]/home/runner/work/BitrotBruteforce/BitrotBruteforce/Bruteforce/TorrentWrapper/BEncoding/BEncodedString.cs(186,19): warning CS8604: Possible null reference argument for parameter 'other' in 'int BEncodedString.CompareTo(BEncodedString other)'. [/home/runner/work/BitrotBruteforce/BitrotBruteforce/Bruteforce/Bruteforce.csproj]
build-crossplatform	Build Crossplatform	2025-09-26T10:16:18.8670635Z /usr/share/dotnet/sdk/9.0.305/Microsoft.Common.CurrentVersion.targets(5429,5): error MSB3030: Could not copy the file "/home/runner/work/BitrotBruteforce/BitrotBruteforce/CudaUnalignedBitrotFinder/bin/x64/Release/CudaUnalignedBitrotFinder.dll" because it was not found. [/home/runner/work/BitrotBruteforce/BitrotBruteforce/Bruteforce/Bruteforce.csproj]
build-crossplatform	Build Crossplatform	2025-09-26T10:16:18.8674767Z /usr/share/dotnet/sdk/9.0.305/Microsoft.Common.CurrentVersion.targets(5429,5): error MSB3030: Could not copy the file "/home/runner/work/BitrotBruteforce/BitrotBruteforce/CudaAlignedBitrotFinder/bin/x64/Release/CudaAlignedBitrotFinder.dll" because it was not found. [/home/runner/work/BitrotBruteforce/BitrotBruteforce/Bruteforce/Bruteforce.csproj]
build-crossplatform	Build Crossplatform	2025-09-26T10:16:18.9245998Z ##[error]Process completed with exit code 1.
build-linux	Build Linux Self-Contained	ï»¿2025-09-26T10:16:08.5060272Z ##[group]Run dotnet publish Bruteforce/Bruteforce.csproj \
build-linux	Build Linux Self-Contained	2025-09-26T10:16:08.5060800Z [36;1mdotnet publish Bruteforce/Bruteforce.csproj \[0m
build-linux	Build Linux Self-Contained	2025-09-26T10:16:08.5061105Z [36;1m  -c Release \[0m
build-linux	Build Linux Self-Contained	2025-09-26T10:16:08.5061325Z [36;1m  -r linux-x64 \[0m
build-linux	Build Linux Self-Contained	2025-09-26T10:16:08.5061575Z [36;1m  -o publish/linux/publish \[0m
build-linux	Build Linux Self-Contained	2025-09-26T10:16:08.5061833Z [36;1m  --self-contained true \[0m
build-linux	Build Linux Self-Contained	2025-09-26T10:16:08.5062323Z [36;1m  -p:PublishSingleFile=true \[0m
build-linux	Build Linux Self-Contained	2025-09-26T10:16:08.5062647Z [36;1m  -p:IncludeNativeLibrariesForSelfExtract=true \[0m
build-linux	Build Linux Self-Contained	2025-09-26T10:16:08.5062955Z [36;1m  -p:CI=true[0m
build-linux	Build Linux Self-Contained	2025-09-26T10:16:08.5098094Z shell: /usr/bin/bash -e {0}
build-linux	Build Linux Self-Contained	2025-09-26T10:16:08.5098339Z env:
build-linux	Build Linux Self-Contained	2025-09-26T10:16:08.5098523Z   DOTNET_ROOT: /usr/share/dotnet
build-linux	Build Linux Self-Contained	2025-09-26T10:16:08.5098750Z ##[endgroup]
build-linux	Build Linux Self-Contained	2025-09-26T10:16:12.5829150Z   Determining projects to restore...
build-linux	Build Linux Self-Contained	2025-09-26T10:16:14.8127338Z   Restored /home/runner/work/BitrotBruteforce/BitrotBruteforce/Bruteforce/Bruteforce.csproj (in 1.71 sec).
build-linux	Build Linux Self-Contained	2025-09-26T10:16:20.9329242Z ##[warning]/home/runner/work/BitrotBruteforce/BitrotBruteforce/Bruteforce/TorrentWrapper/BEncoding/BEncodedList.cs(200,26): warning CS8765: Nullability of type of parameter 'obj' doesn't match overridden member (possibly because of nullability attributes). [/home/runner/work/BitrotBruteforce/BitrotBruteforce/Bruteforce/Bruteforce.csproj]
build-linux	Build Linux Self-Contained	2025-09-26T10:16:20.9338864Z ##[warning]/home/runner/work/BitrotBruteforce/BitrotBruteforce/Bruteforce/TorrentWrapper/BEncoding/BEncodedNumber.cs(171,26): warning CS8765: Nullability of type of parameter 'obj' doesn't match overridden member (possibly because of nullability attributes). [/home/runner/work/BitrotBruteforce/BitrotBruteforce/Bruteforce/Bruteforce.csproj]
build-linux	Build Linux Self-Contained	2025-09-26T10:16:20.9343954Z ##[warning]/home/runner/work/BitrotBruteforce/BitrotBruteforce/Bruteforce/TorrentWrapper/BEncoding/BEncodedNumber.cs(55,16): warning CS8767: Nullability of reference types in type of parameter 'other' of 'int BEncodedNumber.CompareTo(BEncodedNumber other)' doesn't match implicitly implemented member 'int IComparable<BEncodedNumber>.CompareTo(BEncodedNumber? other)' (possibly because of nullability attributes). [/home/runner/work/BitrotBruteforce/BitrotBruteforce/Bruteforce/Bruteforce.csproj]
build-linux	Build Linux Self-Contained	2025-09-26T10:16:20.9348065Z ##[warning]/home/runner/work/BitrotBruteforce/BitrotBruteforce/Bruteforce/TorrentWrapper/BEncoding/BEncodedString.cs(215,26): warning CS8765: Nullability of type of parameter 'obj' doesn't match overridden member (possibly because of nullability attributes). [/home/runner/work/BitrotBruteforce/BitrotBruteforce/Bruteforce/Bruteforce.csproj]
build-linux	Build Linux Self-Contained	2025-09-26T10:16:20.9352589Z ##[warning]/home/runner/work/BitrotBruteforce/BitrotBruteforce/Bruteforce/TorrentWrapper/BEncoding/BEncodedString.cs(90,16): warning CS8767: Nullability of reference types in type of parameter 'other' of 'int BEncodedString.CompareTo(BEncodedString other)' doesn't match implicitly implemented member 'int IComparable<BEncodedString>.CompareTo(BEncodedString? other)' (possibly because of nullability attributes). [/home/runner/work/BitrotBruteforce/BitrotBruteforce/Bruteforce/Bruteforce.csproj]
build-linux	Build Linux Self-Contained	2025-09-26T10:16:20.9356350Z ##[warning]/home/runner/work/BitrotBruteforce/BitrotBruteforce/Bruteforce/TorrentWrapper/TorrentInfo.cs(168,26): warning CS8600: Converting null literal or possible null value to non-nullable type. [/home/runner/work/BitrotBruteforce/BitrotBruteforce/Bruteforce/Bruteforce.csproj]
build-linux	Build Linux Self-Contained	2025-09-26T10:16:20.9359080Z ##[warning]/home/runner/work/BitrotBruteforce/BitrotBruteforce/Bruteforce/TorrentWrapper/TorrentInfo.cs(169,28): warning CS8600: Converting null literal or possible null value to non-nullable type. [/home/runner/work/BitrotBruteforce/BitrotBruteforce/Bruteforce/Bruteforce.csproj]
build-linux	Build Linux Self-Contained	2025-09-26T10:16:20.9361750Z ##[warning]/home/runner/work/BitrotBruteforce/BitrotBruteforce/Bruteforce/TorrentWrapper/TorrentInfo.cs(191,23): warning CS8625: Cannot convert null literal to non-nullable reference type. [/home/runner/work/BitrotBruteforce/BitrotBruteforce/Bruteforce/Bruteforce.csproj]
build-linux	Build Linux Self-Contained	2025-09-26T10:16:20.9365003Z ##[warning]/home/runner/work/BitrotBruteforce/BitrotBruteforce/Bruteforce/TorrentWrapper/TorrentInfo.cs(204,23): warning CS8600: Converting null literal or possible null value to non-nullable type. [/home/runner/work/BitrotBruteforce/BitrotBruteforce/Bruteforce/Bruteforce.csproj]
build-linux	Build Linux Self-Contained	2025-09-26T10:16:20.9367644Z ##[warning]/home/runner/work/BitrotBruteforce/BitrotBruteforce/Bruteforce/TorrentWrapper/TorrentInfo.cs(206,17): warning CS8602: Dereference of a possibly null reference. [/home/runner/work/BitrotBruteforce/BitrotBruteforce/Bruteforce/Bruteforce.csproj]
build-linux	Build Linux Self-Contained	2025-09-26T10:16:20.9370635Z ##[warning]/home/runner/work/BitrotBruteforce/BitrotBruteforce/Bruteforce/TorrentWrapper/TorrentInfo.cs(209,24): warning CS8600: Converting null literal or possible null value to non-nullable type. [/home/runner/work/BitrotBruteforce/BitrotBruteforce/Bruteforce/Bruteforce.csproj]
build-linux	Build Linux Self-Contained	2025-09-26T10:16:20.9373381Z ##[warning]/home/runner/work/BitrotBruteforce/BitrotBruteforce/Bruteforce/TorrentWrapper/TorrentInfo.cs(212,21): warning CS8602: Dereference of a possibly null reference. [/home/runner/work/BitrotBruteforce/BitrotBruteforce/Bruteforce/Bruteforce.csproj]
build-linux	Build Linux Self-Contained	2025-09-26T10:16:20.9376225Z ##[warning]/home/runner/work/BitrotBruteforce/BitrotBruteforce/Bruteforce/TorrentWrapper/TorrentInfo.cs(259,36): warning CS8600: Converting null literal or possible null value to non-nullable type. [/home/runner/work/BitrotBruteforce/BitrotBruteforce/Bruteforce/Bruteforce.csproj]
build-linux	Build Linux Self-Contained	2025-09-26T10:16:20.9379578Z ##[warning]/home/runner/work/BitrotBruteforce/BitrotBruteforce/Bruteforce/TorrentWrapper/TorrentInfo.cs(261,61): warning CS8604: Possible null reference argument for parameter 'md5Hash' in 'TorrentFileInfo.TorrentFileInfo(string filePath, string md5Hash, long length)'. [/home/runner/work/BitrotBruteforce/BitrotBruteforce/Bruteforce/Bruteforce.csproj]
build-linux	Build Linux Self-Contained	2025-09-26T10:16:20.9382553Z ##[warning]/home/runner/work/BitrotBruteforce/BitrotBruteforce/Bruteforce/TorrentWrapper/TorrentInfo.cs(286,44): warning CS8600: Converting null literal or possible null value to non-nullable type. [/home/runner/work/BitrotBruteforce/BitrotBruteforce/Bruteforce/Bruteforce.csproj]
build-linux	Build Linux Self-Contained	2025-09-26T10:16:20.9385953Z ##[warning]/home/runner/work/BitrotBruteforce/BitrotBruteforce/Bruteforce/TorrentWrapper/TorrentInfo.cs(288,69): warning CS8604: Possible null reference argument for parameter 'md5Hash' in 'TorrentFileInfo.TorrentFileInfo(string filePath, string md5Hash, long length)'. [/home/runner/work/BitrotBruteforce/BitrotBruteforce/Bruteforce/Bruteforce.csproj]
build-linux	Build Linux Self-Contained	2025-09-26T10:16:20.9388958Z ##[warning]/home/runner/work/BitrotBruteforce/BitrotBruteforce/Bruteforce/TorrentWrapper/TorrentInfo.cs(311,101): warning CS8600: Converting null literal or possible null value to non-nullable type. [/home/runner/work/BitrotBruteforce/BitrotBruteforce/Bruteforce/Bruteforce.csproj]
build-linux	Build Linux Self-Contained	2025-09-26T10:16:20.9391707Z ##[warning]/home/runner/work/BitrotBruteforce/BitrotBruteforce/Bruteforce/TorrentWrapper/TorrentInfo.cs(322,102): warning CS8600: Converting null literal or possible null value to non-nullable type. [/home/runner/work/BitrotBruteforce/BitrotBruteforce/Bruteforce/Bruteforce.csproj]
build-linux	Build Linux Self-Contained	2025-09-26T10:16:20.9396389Z ##[warning]/home/runner/work/BitrotBruteforce/BitrotBruteforce/Bruteforce/TorrentWrapper/TorrentInfo.cs(356,17): warning CS8604: Possible null reference argument for parameter 'comment' in 'TorrentInfo.TorrentInfo(string infoHash, long pieceLength, string[] piecesHashValues, bool isPrivate, IEnumerable<Uri> announceList, DateTime? creationDate, string comment, string createdBy, Encoding encoding, TorrentFileInfo[] files)'. [/home/runner/work/BitrotBruteforce/BitrotBruteforce/Bruteforce/Bruteforce.csproj]
build-linux	Build Linux Self-Contained	2025-09-26T10:16:20.9401777Z ##[warning]/home/runner/work/BitrotBruteforce/BitrotBruteforce/Bruteforce/TorrentWrapper/TorrentInfo.cs(357,17): warning CS8604: Possible null reference argument for parameter 'createdBy' in 'TorrentInfo.TorrentInfo(string infoHash, long pieceLength, string[] piecesHashValues, bool isPrivate, IEnumerable<Uri> announceList, DateTime? creationDate, string comment, string createdBy, Encoding encoding, TorrentFileInfo[] files)'. [/home/runner/work/BitrotBruteforce/BitrotBruteforce/Bruteforce/Bruteforce.csproj]
build-linux	Build Linux Self-Contained	2025-09-26T10:16:20.9406220Z ##[warning]/home/runner/work/BitrotBruteforce/BitrotBruteforce/Bruteforce/TorrentWrapper/PersistenceManager.cs(364,39): warning CS8604: Possible null reference argument for parameter 'path' in 'DirectoryInfo Directory.CreateDirectory(string path)'. [/home/runner/work/BitrotBruteforce/BitrotBruteforce/Bruteforce/Bruteforce.csproj]
build-linux	Build Linux Self-Contained	2025-09-26T10:16:20.9409456Z ##[warning]/home/runner/work/BitrotBruteforce/BitrotBruteforce/Bruteforce/TorrentWrapper/BEncoding/BEncodedValue.cs(17,31): warning CS8600: Converting null literal or possible null value to non-nullable type. [/home/runner/work/BitrotBruteforce/BitrotBruteforce/Bruteforce/Bruteforce.csproj]
build-linux	Build Linux Self-Contained	2025-09-26T10:16:20.9412282Z ##[warning]/home/runner/work/BitrotBruteforce/BitrotBruteforce/Bruteforce/TorrentWrapper/BEncoding/BEncodedValue.cs(40,31): warning CS8600: Converting null literal or possible null value to non-nullable type. [/home/runner/work/BitrotBruteforce/BitrotBruteforce/Bruteforce/Bruteforce.csproj]
build-linux	Build Linux Self-Contained	2025-09-26T10:16:20.9415810Z ##[warning]/home/runner/work/BitrotBruteforce/BitrotBruteforce/Bruteforce/TorrentWrapper/BEncoding/BEncodedString.cs(186,19): warning CS8604: Possible null reference argument for parameter 'other' in 'int BEncodedString.CompareTo(BEncodedString other)'. [/home/runner/work/BitrotBruteforce/BitrotBruteforce/Bruteforce/Bruteforce.csproj]
build-linux	Build Linux Self-Contained	2025-09-26T10:16:21.0720872Z /usr/share/dotnet/sdk/9.0.305/Microsoft.Common.CurrentVersion.targets(5429,5): error MSB3030: Could not copy the file "/home/runner/work/BitrotBruteforce/BitrotBruteforce/CudaUnalignedBitrotFinder/bin/x64/Release/CudaUnalignedBitrotFinder.dll" because it was not found. [/home/runner/work/BitrotBruteforce/BitrotBruteforce/Bruteforce/Bruteforce.csproj]
build-linux	Build Linux Self-Contained	2025-09-26T10:16:21.0726615Z /usr/share/dotnet/sdk/9.0.305/Microsoft.Common.CurrentVersion.targets(5429,5): error MSB3030: Could not copy the file "/home/runner/work/BitrotBruteforce/BitrotBruteforce/CudaAlignedBitrotFinder/bin/x64/Release/CudaAlignedBitrotFinder.dll" because it was not found. [/home/runner/work/BitrotBruteforce/BitrotBruteforce/Bruteforce/Bruteforce.csproj]
build-linux	Build Linux Self-Contained	2025-09-26T10:16:21.1340526Z ##[error]Process completed with exit code 1.
build-windows	Build Windows Self-Contained	ï»¿2025-09-26T10:16:46.4470342Z ##[group]Run dotnet publish Bruteforce/Bruteforce.csproj `
build-windows	Build Windows Self-Contained	2025-09-26T10:16:46.4470817Z [36;1mdotnet publish Bruteforce/Bruteforce.csproj `[0m
build-windows	Build Windows Self-Contained	2025-09-26T10:16:46.4471110Z [36;1m  -c Release `[0m
build-windows	Build Windows Self-Contained	2025-09-26T10:16:46.4471304Z [36;1m  -r win-x64 `[0m
build-windows	Build Windows Self-Contained	2025-09-26T10:16:46.4471507Z [36;1m  -o publish/windows/publish `[0m
build-windows	Build Windows Self-Contained	2025-09-26T10:16:46.4471748Z [36;1m  --self-contained true `[0m
build-windows	Build Windows Self-Contained	2025-09-26T10:16:46.4471975Z [36;1m  -p:PublishSingleFile=true `[0m
build-windows	Build Windows Self-Contained	2025-09-26T10:16:46.4472271Z [36;1m  -p:IncludeNativeLibrariesForSelfExtract=true `[0m
build-windows	Build Windows Self-Contained	2025-09-26T10:16:46.4472570Z [36;1m  -p:CI=true[0m
build-windows	Build Windows Self-Contained	2025-09-26T10:16:46.4533478Z shell: C:\Program Files\PowerShell\7\pwsh.EXE -command ". '{0}'"
build-windows	Build Windows Self-Contained	2025-09-26T10:16:46.4533790Z env:
build-windows	Build Windows Self-Contained	2025-09-26T10:16:46.4533954Z   DOTNET_ROOT: C:\Program Files\dotnet
build-windows	Build Windows Self-Contained	2025-09-26T10:16:46.4534168Z ##[endgroup]
build-windows	Build Windows Self-Contained	2025-09-26T10:17:11.1626262Z   Determining projects to restore...
build-windows	Build Windows Self-Contained	2025-09-26T10:17:22.5135536Z   Restored D:\a\BitrotBruteforce\BitrotBruteforce\Bruteforce\Bruteforce.csproj (in 10.21 sec).
build-windows	Build Windows Self-Contained	2025-09-26T10:17:32.6929236Z ##[warning]D:\a\BitrotBruteforce\BitrotBruteforce\Bruteforce\TorrentWrapper\BEncoding\BEncodedList.cs(200,26): warning CS8765: Nullability of type of parameter 'obj' doesn't match overridden member (possibly because of nullability attributes). [D:\a\BitrotBruteforce\BitrotBruteforce\Bruteforce\Bruteforce.csproj]
build-windows	Build Windows Self-Contained	2025-09-26T10:17:32.6938569Z ##[warning]D:\a\BitrotBruteforce\BitrotBruteforce\Bruteforce\TorrentWrapper\BEncoding\BEncodedNumber.cs(171,26): warning CS8765: Nullability of type of parameter 'obj' doesn't match overridden member (possibly because of nullability attributes). [D:\a\BitrotBruteforce\BitrotBruteforce\Bruteforce\Bruteforce.csproj]
build-windows	Build Windows Self-Contained	2025-09-26T10:17:32.6942767Z ##[warning]D:\a\BitrotBruteforce\BitrotBruteforce\Bruteforce\TorrentWrapper\BEncoding\BEncodedNumber.cs(55,16): warning CS8767: Nullability of reference types in type of parameter 'other' of 'int BEncodedNumber.CompareTo(BEncodedNumber other)' doesn't match implicitly implemented member 'int IComparable<BEncodedNumber>.CompareTo(BEncodedNumber? other)' (possibly because of nullability attributes). [D:\a\BitrotBruteforce\BitrotBruteforce\Bruteforce\Bruteforce.csproj]
build-windows	Build Windows Self-Contained	2025-09-26T10:17:32.6946567Z ##[warning]D:\a\BitrotBruteforce\BitrotBruteforce\Bruteforce\TorrentWrapper\BEncoding\BEncodedString.cs(215,26): warning CS8765: Nullability of type of parameter 'obj' doesn't match overridden member (possibly because of nullability attributes). [D:\a\BitrotBruteforce\BitrotBruteforce\Bruteforce\Bruteforce.csproj]
build-windows	Build Windows Self-Contained	2025-09-26T10:17:32.6950682Z ##[warning]D:\a\BitrotBruteforce\BitrotBruteforce\Bruteforce\TorrentWrapper\BEncoding\BEncodedString.cs(90,16): warning CS8767: Nullability of reference types in type of parameter 'other' of 'int BEncodedString.CompareTo(BEncodedString other)' doesn't match implicitly implemented member 'int IComparable<BEncodedString>.CompareTo(BEncodedString? other)' (possibly because of nullability attributes). [D:\a\BitrotBruteforce\BitrotBruteforce\Bruteforce\Bruteforce.csproj]
build-windows	Build Windows Self-Contained	2025-09-26T10:17:32.6953677Z ##[warning]D:\a\BitrotBruteforce\BitrotBruteforce\Bruteforce\TorrentWrapper\TorrentInfo.cs(168,26): warning CS8600: Converting null literal or possible null value to non-nullable type. [D:\a\BitrotBruteforce\BitrotBruteforce\Bruteforce\Bruteforce.csproj]
build-windows	Build Windows Self-Contained	2025-09-26T10:17:32.6956026Z ##[warning]D:\a\BitrotBruteforce\BitrotBruteforce\Bruteforce\TorrentWrapper\TorrentInfo.cs(169,28): warning CS8600: Converting null literal or possible null value to non-nullable type. [D:\a\BitrotBruteforce\BitrotBruteforce\Bruteforce\Bruteforce.csproj]
build-windows	Build Windows Self-Contained	2025-09-26T10:17:32.6958207Z ##[warning]D:\a\BitrotBruteforce\BitrotBruteforce\Bruteforce\TorrentWrapper\TorrentInfo.cs(191,23): warning CS8625: Cannot convert null literal to non-nullable reference type. [D:\a\BitrotBruteforce\BitrotBruteforce\Bruteforce\Bruteforce.csproj]
build-windows	Build Windows Self-Contained	2025-09-26T10:17:32.6960475Z ##[warning]D:\a\BitrotBruteforce\BitrotBruteforce\Bruteforce\TorrentWrapper\TorrentInfo.cs(204,23): warning CS8600: Converting null literal or possible null value to non-nullable type. [D:\a\BitrotBruteforce\BitrotBruteforce\Bruteforce\Bruteforce.csproj]
build-windows	Build Windows Self-Contained	2025-09-26T10:17:32.6964874Z ##[warning]D:\a\BitrotBruteforce\BitrotBruteforce\Bruteforce\TorrentWrapper\TorrentInfo.cs(206,17): warning CS8602: Dereference of a possibly null reference. [D:\a\BitrotBruteforce\BitrotBruteforce\Bruteforce\Bruteforce.csproj]
build-windows	Build Windows Self-Contained	2025-09-26T10:17:32.6967678Z ##[warning]D:\a\BitrotBruteforce\BitrotBruteforce\Bruteforce\TorrentWrapper\TorrentInfo.cs(209,24): warning CS8600: Converting null literal or possible null value to non-nullable type. [D:\a\BitrotBruteforce\BitrotBruteforce\Bruteforce\Bruteforce.csproj]
build-windows	Build Windows Self-Contained	2025-09-26T10:17:32.6970121Z ##[warning]D:\a\BitrotBruteforce\BitrotBruteforce\Bruteforce\TorrentWrapper\TorrentInfo.cs(212,21): warning CS8602: Dereference of a possibly null reference. [D:\a\BitrotBruteforce\BitrotBruteforce\Bruteforce\Bruteforce.csproj]
build-windows	Build Windows Self-Contained	2025-09-26T10:17:32.6972397Z ##[warning]D:\a\BitrotBruteforce\BitrotBruteforce\Bruteforce\TorrentWrapper\TorrentInfo.cs(259,36): warning CS8600: Converting null literal or possible null value to non-nullable type. [D:\a\BitrotBruteforce\BitrotBruteforce\Bruteforce\Bruteforce.csproj]
build-windows	Build Windows Self-Contained	2025-09-26T10:17:32.6975272Z ##[warning]D:\a\BitrotBruteforce\BitrotBruteforce\Bruteforce\TorrentWrapper\TorrentInfo.cs(261,61): warning CS8604: Possible null reference argument for parameter 'md5Hash' in 'TorrentFileInfo.TorrentFileInfo(string filePath, string md5Hash, long length)'. [D:\a\BitrotBruteforce\BitrotBruteforce\Bruteforce\Bruteforce.csproj]
build-windows	Build Windows Self-Contained	2025-09-26T10:17:32.6977948Z ##[warning]D:\a\BitrotBruteforce\BitrotBruteforce\Bruteforce\TorrentWrapper\TorrentInfo.cs(286,44): warning CS8600: Converting null literal or possible null value to non-nullable type. [D:\a\BitrotBruteforce\BitrotBruteforce\Bruteforce\Bruteforce.csproj]
build-windows	Build Windows Self-Contained	2025-09-26T10:17:32.6980788Z ##[warning]D:\a\BitrotBruteforce\BitrotBruteforce\Bruteforce\TorrentWrapper\TorrentInfo.cs(288,69): warning CS8604: Possible null reference argument for parameter 'md5Hash' in 'TorrentFileInfo.TorrentFileInfo(string filePath, string md5Hash, long length)'. [D:\a\BitrotBruteforce\BitrotBruteforce\Bruteforce\Bruteforce.csproj]
build-windows	Build Windows Self-Contained	2025-09-26T10:17:32.6983317Z ##[warning]D:\a\BitrotBruteforce\BitrotBruteforce\Bruteforce\TorrentWrapper\TorrentInfo.cs(311,101): warning CS8600: Converting null literal or possible null value to non-nullable type. [D:\a\BitrotBruteforce\BitrotBruteforce\Bruteforce\Bruteforce.csproj]
build-windows	Build Windows Self-Contained	2025-09-26T10:17:32.6986043Z ##[warning]D:\a\BitrotBruteforce\BitrotBruteforce\Bruteforce\TorrentWrapper\TorrentInfo.cs(322,102): warning CS8600: Converting null literal or possible null value to non-nullable type. [D:\a\BitrotBruteforce\BitrotBruteforce\Bruteforce\Bruteforce.csproj]
build-windows	Build Windows Self-Contained	2025-09-26T10:17:32.6990151Z ##[warning]D:\a\BitrotBruteforce\BitrotBruteforce\Bruteforce\TorrentWrapper\TorrentInfo.cs(356,17): warning CS8604: Possible null reference argument for parameter 'comment' in 'TorrentInfo.TorrentInfo(string infoHash, long pieceLength, string[] piecesHashValues, bool isPrivate, IEnumerable<Uri> announceList, DateTime? creationDate, string comment, string createdBy, Encoding encoding, TorrentFileInfo[] files)'. [D:\a\BitrotBruteforce\BitrotBruteforce\Bruteforce\Bruteforce.csproj]
build-windows	Build Windows Self-Contained	2025-09-26T10:17:32.6994769Z ##[warning]D:\a\BitrotBruteforce\BitrotBruteforce\Bruteforce\TorrentWrapper\TorrentInfo.cs(357,17): warning CS8604: Possible null reference argument for parameter 'createdBy' in 'TorrentInfo.TorrentInfo(string infoHash, long pieceLength, string[] piecesHashValues, bool isPrivate, IEnumerable<Uri> announceList, DateTime? creationDate, string comment, string createdBy, Encoding encoding, TorrentFileInfo[] files)'. [D:\a\BitrotBruteforce\BitrotBruteforce\Bruteforce\Bruteforce.csproj]
build-windows	Build Windows Self-Contained	2025-09-26T10:17:32.6998139Z ##[warning]D:\a\BitrotBruteforce\BitrotBruteforce\Bruteforce\TorrentWrapper\BEncoding\BEncodedString.cs(186,19): warning CS8604: Possible null reference argument for parameter 'other' in 'int BEncodedString.CompareTo(BEncodedString other)'. [D:\a\BitrotBruteforce\BitrotBruteforce\Bruteforce\Bruteforce.csproj]
build-windows	Build Windows Self-Contained	2025-09-26T10:17:32.7002650Z ##[warning]D:\a\BitrotBruteforce\BitrotBruteforce\Bruteforce\TorrentWrapper\PersistenceManager.cs(364,39): warning CS8604: Possible null reference argument for parameter 'path' in 'DirectoryInfo Directory.CreateDirectory(string path)'. [D:\a\BitrotBruteforce\BitrotBruteforce\Bruteforce\Bruteforce.csproj]
build-windows	Build Windows Self-Contained	2025-09-26T10:17:32.7008276Z ##[warning]D:\a\BitrotBruteforce\BitrotBruteforce\Bruteforce\TorrentWrapper\BEncoding\BEncodedValue.cs(17,31): warning CS8600: Converting null literal or possible null value to non-nullable type. [D:\a\BitrotBruteforce\BitrotBruteforce\Bruteforce\Bruteforce.csproj]
build-windows	Build Windows Self-Contained	2025-09-26T10:17:32.7012738Z ##[warning]D:\a\BitrotBruteforce\BitrotBruteforce\Bruteforce\TorrentWrapper\BEncoding\BEncodedValue.cs(40,31): warning CS8600: Converting null literal or possible null value to non-nullable type. [D:\a\BitrotBruteforce\BitrotBruteforce\Bruteforce\Bruteforce.csproj]
build-windows	Build Windows Self-Contained	2025-09-26T10:17:32.9344064Z C:\Program Files\dotnet\sdk\9.0.305\Microsoft.Common.CurrentVersion.targets(5429,5): error MSB3030: Could not copy the file "D:\a\BitrotBruteforce\BitrotBruteforce\CudaAlignedBitrotFinder\bin\x64\Release\CudaAlignedBitrotFinder.dll" because it was not found. [D:\a\BitrotBruteforce\BitrotBruteforce\Bruteforce\Bruteforce.csproj]
build-windows	Build Windows Self-Contained	2025-09-26T10:17:32.9375279Z C:\Program Files\dotnet\sdk\9.0.305\Microsoft.Common.CurrentVersion.targets(5429,5): error MSB3030: Could not copy the file "D:\a\BitrotBruteforce\BitrotBruteforce\CudaUnalignedBitrotFinder\bin\x64\Release\CudaUnalignedBitrotFinder.dll" because it was not found. [D:\a\BitrotBruteforce\BitrotBruteforce\Bruteforce\Bruteforce.csproj]
build-windows	Build Windows Self-Contained	2025-09-26T10:17:32.9552602Z 
build-windows	Build Windows Self-Contained	2025-09-26T10:17:32.9553776Z Workload updates are available. Run `dotnet workload list` for more information.
build-windows	Build Windows Self-Contained	2025-09-26T10:17:33.3537362Z ##[error]Process completed with exit code 1.
unit-tests	Run Unit Tests	ï»¿2025-09-26T10:16:07.5476754Z ##[group]Run dotnet test Tests/Tests.csproj -c Release --logger "console;verbosity=detailed" -p:CI=true
unit-tests	Run Unit Tests	2025-09-26T10:16:07.5477549Z [36;1mdotnet test Tests/Tests.csproj -c Release --logger "console;verbosity=detailed" -p:CI=true[0m
unit-tests	Run Unit Tests	2025-09-26T10:16:07.5513569Z shell: /usr/bin/bash -e {0}
unit-tests	Run Unit Tests	2025-09-26T10:16:07.5513827Z env:
unit-tests	Run Unit Tests	2025-09-26T10:16:07.5514007Z   DOTNET_ROOT: /usr/share/dotnet
unit-tests	Run Unit Tests	2025-09-26T10:16:07.5514253Z ##[endgroup]
unit-tests	Run Unit Tests	2025-09-26T10:16:11.8474793Z   Determining projects to restore...
unit-tests	Run Unit Tests	2025-09-26T10:16:13.2864205Z   Restored /home/runner/work/BitrotBruteforce/BitrotBruteforce/Bruteforce/Bruteforce.csproj (in 832 ms).
unit-tests	Run Unit Tests	2025-09-26T10:16:13.9736223Z   Restored /home/runner/work/BitrotBruteforce/BitrotBruteforce/Tests/Tests.csproj (in 1.53 sec).
unit-tests	Run Unit Tests	2025-09-26T10:16:19.0323422Z ##[warning]/home/runner/work/BitrotBruteforce/BitrotBruteforce/Bruteforce/TorrentWrapper/BEncoding/BEncodedList.cs(200,26): warning CS8765: Nullability of type of parameter 'obj' doesn't match overridden member (possibly because of nullability attributes). [/home/runner/work/BitrotBruteforce/BitrotBruteforce/Bruteforce/Bruteforce.csproj]
unit-tests	Run Unit Tests	2025-09-26T10:16:19.0334140Z ##[warning]/home/runner/work/BitrotBruteforce/BitrotBruteforce/Bruteforce/TorrentWrapper/BEncoding/BEncodedNumber.cs(171,26): warning CS8765: Nullability of type of parameter 'obj' doesn't match overridden member (possibly because of nullability attributes). [/home/runner/work/BitrotBruteforce/BitrotBruteforce/Bruteforce/Bruteforce.csproj]
unit-tests	Run Unit Tests	2025-09-26T10:16:19.0339008Z ##[warning]/home/runner/work/BitrotBruteforce/BitrotBruteforce/Bruteforce/TorrentWrapper/BEncoding/BEncodedNumber.cs(55,16): warning CS8767: Nullability of reference types in type of parameter 'other' of 'int BEncodedNumber.CompareTo(BEncodedNumber other)' doesn't match implicitly implemented member 'int IComparable<BEncodedNumber>.CompareTo(BEncodedNumber? other)' (possibly because of nullability attributes). [/home/runner/work/BitrotBruteforce/BitrotBruteforce/Bruteforce/Bruteforce.csproj]
unit-tests	Run Unit Tests	2025-09-26T10:16:19.0343093Z ##[warning]/home/runner/work/BitrotBruteforce/BitrotBruteforce/Bruteforce/TorrentWrapper/BEncoding/BEncodedString.cs(215,26): warning CS8765: Nullability of type of parameter 'obj' doesn't match overridden member (possibly because of nullability attributes). [/home/runner/work/BitrotBruteforce/BitrotBruteforce/Bruteforce/Bruteforce.csproj]
unit-tests	Run Unit Tests	2025-09-26T10:16:19.0347794Z ##[warning]/home/runner/work/BitrotBruteforce/BitrotBruteforce/Bruteforce/TorrentWrapper/BEncoding/BEncodedString.cs(90,16): warning CS8767: Nullability of reference types in type of parameter 'other' of 'int BEncodedString.CompareTo(BEncodedString other)' doesn't match implicitly implemented member 'int IComparable<BEncodedString>.CompareTo(BEncodedString? other)' (possibly because of nullability attributes). [/home/runner/work/BitrotBruteforce/BitrotBruteforce/Bruteforce/Bruteforce.csproj]
unit-tests	Run Unit Tests	2025-09-26T10:16:19.0351249Z ##[warning]/home/runner/work/BitrotBruteforce/BitrotBruteforce/Bruteforce/TorrentWrapper/TorrentInfo.cs(168,26): warning CS8600: Converting null literal or possible null value to non-nullable type. [/home/runner/work/BitrotBruteforce/BitrotBruteforce/Bruteforce/Bruteforce.csproj]
unit-tests	Run Unit Tests	2025-09-26T10:16:19.0353899Z ##[warning]/home/runner/work/BitrotBruteforce/BitrotBruteforce/Bruteforce/TorrentWrapper/TorrentInfo.cs(169,28): warning CS8600: Converting null literal or possible null value to non-nullable type. [/home/runner/work/BitrotBruteforce/BitrotBruteforce/Bruteforce/Bruteforce.csproj]
unit-tests	Run Unit Tests	2025-09-26T10:16:19.0356678Z ##[warning]/home/runner/work/BitrotBruteforce/BitrotBruteforce/Bruteforce/TorrentWrapper/TorrentInfo.cs(191,23): warning CS8625: Cannot convert null literal to non-nullable reference type. [/home/runner/work/BitrotBruteforce/BitrotBruteforce/Bruteforce/Bruteforce.csproj]
unit-tests	Run Unit Tests	2025-09-26T10:16:19.0359365Z ##[warning]/home/runner/work/BitrotBruteforce/BitrotBruteforce/Bruteforce/TorrentWrapper/TorrentInfo.cs(204,23): warning CS8600: Converting null literal or possible null value to non-nullable type. [/home/runner/work/BitrotBruteforce/BitrotBruteforce/Bruteforce/Bruteforce.csproj]
unit-tests	Run Unit Tests	2025-09-26T10:16:19.0362169Z ##[warning]/home/runner/work/BitrotBruteforce/BitrotBruteforce/Bruteforce/TorrentWrapper/TorrentInfo.cs(206,17): warning CS8602: Dereference of a possibly null reference. [/home/runner/work/BitrotBruteforce/BitrotBruteforce/Bruteforce/Bruteforce.csproj]
unit-tests	Run Unit Tests	2025-09-26T10:16:19.0367237Z ##[warning]/home/runner/work/BitrotBruteforce/BitrotBruteforce/Bruteforce/TorrentWrapper/TorrentInfo.cs(209,24): warning CS8600: Converting null literal or possible null value to non-nullable type. [/home/runner/work/BitrotBruteforce/BitrotBruteforce/Bruteforce/Bruteforce.csproj]
unit-tests	Run Unit Tests	2025-09-26T10:16:19.0372288Z ##[warning]/home/runner/work/BitrotBruteforce/BitrotBruteforce/Bruteforce/TorrentWrapper/TorrentInfo.cs(212,21): warning CS8602: Dereference of a possibly null reference. [/home/runner/work/BitrotBruteforce/BitrotBruteforce/Bruteforce/Bruteforce.csproj]
unit-tests	Run Unit Tests	2025-09-26T10:16:19.0377248Z ##[warning]/home/runner/work/BitrotBruteforce/BitrotBruteforce/Bruteforce/TorrentWrapper/TorrentInfo.cs(259,36): warning CS8600: Converting null literal or possible null value to non-nullable type. [/home/runner/work/BitrotBruteforce/BitrotBruteforce/Bruteforce/Bruteforce.csproj]
unit-tests	Run Unit Tests	2025-09-26T10:16:19.0382690Z ##[warning]/home/runner/work/BitrotBruteforce/BitrotBruteforce/Bruteforce/TorrentWrapper/TorrentInfo.cs(261,61): warning CS8604: Possible null reference argument for parameter 'md5Hash' in 'TorrentFileInfo.TorrentFileInfo(string filePath, string md5Hash, long length)'. [/home/runner/work/BitrotBruteforce/BitrotBruteforce/Bruteforce/Bruteforce.csproj]
unit-tests	Run Unit Tests	2025-09-26T10:16:19.0387149Z ##[warning]/home/runner/work/BitrotBruteforce/BitrotBruteforce/Bruteforce/TorrentWrapper/TorrentInfo.cs(286,44): warning CS8600: Converting null literal or possible null value to non-nullable type. [/home/runner/work/BitrotBruteforce/BitrotBruteforce/Bruteforce/Bruteforce.csproj]
unit-tests	Run Unit Tests	2025-09-26T10:16:19.0390770Z ##[warning]/home/runner/work/BitrotBruteforce/BitrotBruteforce/Bruteforce/TorrentWrapper/TorrentInfo.cs(288,69): warning CS8604: Possible null reference argument for parameter 'md5Hash' in 'TorrentFileInfo.TorrentFileInfo(string filePath, string md5Hash, long length)'. [/home/runner/work/BitrotBruteforce/BitrotBruteforce/Bruteforce/Bruteforce.csproj]
unit-tests	Run Unit Tests	2025-09-26T10:16:19.0393844Z ##[warning]/home/runner/work/BitrotBruteforce/BitrotBruteforce/Bruteforce/TorrentWrapper/TorrentInfo.cs(311,101): warning CS8600: Converting null literal or possible null value to non-nullable type. [/home/runner/work/BitrotBruteforce/BitrotBruteforce/Bruteforce/Bruteforce.csproj]
unit-tests	Run Unit Tests	2025-09-26T10:16:19.0396670Z ##[warning]/home/runner/work/BitrotBruteforce/BitrotBruteforce/Bruteforce/TorrentWrapper/TorrentInfo.cs(322,102): warning CS8600: Converting null literal or possible null value to non-nullable type. [/home/runner/work/BitrotBruteforce/BitrotBruteforce/Bruteforce/Bruteforce.csproj]
unit-tests	Run Unit Tests	2025-09-26T10:16:19.0400998Z ##[warning]/home/runner/work/BitrotBruteforce/BitrotBruteforce/Bruteforce/TorrentWrapper/TorrentInfo.cs(356,17): warning CS8604: Possible null reference argument for parameter 'comment' in 'TorrentInfo.TorrentInfo(string infoHash, long pieceLength, string[] piecesHashValues, bool isPrivate, IEnumerable<Uri> announceList, DateTime? creationDate, string comment, string createdBy, Encoding encoding, TorrentFileInfo[] files)'. [/home/runner/work/BitrotBruteforce/BitrotBruteforce/Bruteforce/Bruteforce.csproj]
unit-tests	Run Unit Tests	2025-09-26T10:16:19.0406199Z ##[warning]/home/runner/work/BitrotBruteforce/BitrotBruteforce/Bruteforce/TorrentWrapper/TorrentInfo.cs(357,17): warning CS8604: Possible null reference argument for parameter 'createdBy' in 'TorrentInfo.TorrentInfo(string infoHash, long pieceLength, string[] piecesHashValues, bool isPrivate, IEnumerable<Uri> announceList, DateTime? creationDate, string comment, string createdBy, Encoding encoding, TorrentFileInfo[] files)'. [/home/runner/work/BitrotBruteforce/BitrotBruteforce/Bruteforce/Bruteforce.csproj]
unit-tests	Run Unit Tests	2025-09-26T10:16:19.0409987Z ##[warning]/home/runner/work/BitrotBruteforce/BitrotBruteforce/Bruteforce/TorrentWrapper/PersistenceManager.cs(364,39): warning CS8604: Possible null reference argument for parameter 'path' in 'DirectoryInfo Directory.CreateDirectory(string path)'. [/home/runner/work/BitrotBruteforce/BitrotBruteforce/Bruteforce/Bruteforce.csproj]
unit-tests	Run Unit Tests	2025-09-26T10:16:19.0413111Z ##[warning]/home/runner/work/BitrotBruteforce/BitrotBruteforce/Bruteforce/TorrentWrapper/BEncoding/BEncodedValue.cs(17,31): warning CS8600: Converting null literal or possible null value to non-nullable type. [/home/runner/work/BitrotBruteforce/BitrotBruteforce/Bruteforce/Bruteforce.csproj]
unit-tests	Run Unit Tests	2025-09-26T10:16:19.0416216Z ##[warning]/home/runner/work/BitrotBruteforce/BitrotBruteforce/Bruteforce/TorrentWrapper/BEncoding/BEncodedValue.cs(40,31): warning CS8600: Converting null literal or possible null value to non-nullable type. [/home/runner/work/BitrotBruteforce/BitrotBruteforce/Bruteforce/Bruteforce.csproj]
unit-tests	Run Unit Tests	2025-09-26T10:16:19.0419391Z ##[warning]/home/runner/work/BitrotBruteforce/BitrotBruteforce/Bruteforce/TorrentWrapper/BEncoding/BEncodedString.cs(186,19): warning CS8604: Possible null reference argument for parameter 'other' in 'int BEncodedString.CompareTo(BEncodedString other)'. [/home/runner/work/BitrotBruteforce/BitrotBruteforce/Bruteforce/Bruteforce.csproj]
unit-tests	Run Unit Tests	2025-09-26T10:16:19.0941852Z /usr/share/dotnet/sdk/9.0.305/Microsoft.Common.CurrentVersion.targets(5429,5): error MSB3030: Could not copy the file "/home/runner/work/BitrotBruteforce/BitrotBruteforce/CudaAlignedBitrotFinder/bin/x64/Release/CudaAlignedBitrotFinder.dll" because it was not found. [/home/runner/work/BitrotBruteforce/BitrotBruteforce/Bruteforce/Bruteforce.csproj]
unit-tests	Run Unit Tests	2025-09-26T10:16:19.0946980Z /usr/share/dotnet/sdk/9.0.305/Microsoft.Common.CurrentVersion.targets(5429,5): error MSB3030: Could not copy the file "/home/runner/work/BitrotBruteforce/BitrotBruteforce/CudaUnalignedBitrotFinder/bin/x64/Release/CudaUnalignedBitrotFinder.dll" because it was not found. [/home/runner/work/BitrotBruteforce/BitrotBruteforce/Bruteforce/Bruteforce.csproj]
unit-tests	Run Unit Tests	2025-09-26T10:16:19.1682700Z ##[error]Process completed with exit code 1.
